
R version 4.2.1 (2022-06-23) -- "Funny-Looking Kid"
Copyright (C) 2022 The R Foundation for Statistical Computing
Platform: x86_64-pc-linux-gnu (64-bit)

R is free software and comes with ABSOLUTELY NO WARRANTY.
You are welcome to redistribute it under certain conditions.
Type 'license()' or 'licence()' for distribution details.

  Natural language support but running in an English locale

R is a collaborative project with many contributors.
Type 'contributors()' for more information and
'citation()' on how to cite R or R packages in publications.

Type 'demo()' for some demos, 'help()' for on-line help, or
'help.start()' for an HTML browser interface to help.
Type 'q()' to quit R.

> #
> # -1. packages installation
> #
> # if (!require("BiocManager", quietly = TRUE))
> #   install.packages("BiocManager")
> # BiocManager::install()
> #
> # setRepositories(ind=c(1:6))
> #
> # BiocManager::install("biomaRt")
> #
> # # install sleuth
> # BiocManager::install("rhdf5")
> # BiocManager::install("devtools")
> # devtools::install_github("pachterlab/sleuth")
>
> library(biomaRt)
> library(sleuth)
> library(crayon) # so the messages are blue
>
> #
> # 0. user-defined variables
> #
> setwd("~/scratch/")
>
> kallisto_dir = "/home/adrian/projects/reynisfjara/results/kallisto/kallisto.100"
> metadata_file = "/home/adrian/projects/reynisfjara/metadata/reynisfjara_project_metadata\ -\ Sheet1.tsv"
> results_dir = '/home/adrian/projects/reynisfjara/results/DEGs_sleuth'
>
> #
> # 1. generate gene to transcript mapping
> #
>
> # annotation defined from sleuth walkthrough
> mart <- biomaRt::useMart(biomart = "ENSEMBL_MART_ENSEMBL",
+                          dataset = "mmusculus_gene_ensembl",
+                          host = 'https://www.ensembl.org')
> t2g <- biomaRt::getBM(attributes = c("ensembl_transcript_id", "ensembl_gene_id",
+                                      "external_gene_name"), mart = mart)
> t2g <- dplyr::rename(t2g, target_id = ensembl_transcript_id,
+                      ens_gene = ensembl_gene_id, ext_gene = external_gene_name)
> View(t2g)
>
> #
> # 2. read metadata
> #
> metadata = read.table(metadata_file, sep='\t', header=TRUE)
> mice = unique(metadata$mouse)
> View(metadata)
>
> #
> # 3. work on different contrasts
> #
>
> #
> # 3.1. testing that WT t = 0 vs WT t = 72 are the same
> #
> cat(blue('comparing WT with time'), fill=TRUE)
comparing WT with time
>
> # 3.1.1. prepare metadata including paths
> rules = metadata$genotype == 'wt'
> s2c = metadata[rules, ]
> s2c$time_factor = paste(as.factor(s2c$time), 'h', sep='')
>
> paths = file.path(kallisto_dir, s2c$sample, "abundance.h5")
> s2c$path = paths
> print(s2c)
       sample genotype time replicate mouse time_factor
1  a3922_0h_1       wt    0         1 a3922          0h
2  a3922_0h_2       wt    0         2 a3922          0h
3  a3922_0h_3       wt    0         3 a3922          0h
4 a3922_48h_1       wt   48         1 a3922         48h
5 a3922_48h_2       wt   48         2 a3922         48h
6 a3922_48h_3       wt   48         3 a3922         48h
7 a3922_72h_1       wt   72         1 a3922         72h
8 a3922_72h_2       wt   72         2 a3922         72h
9 a3922_72h_3       wt   72         3 a3922         72h
                                                                                      path
1  /home/adrian/projects/reynisfjara/results/kallisto/kallisto.100/a3922_0h_1/abundance.h5
2  /home/adrian/projects/reynisfjara/results/kallisto/kallisto.100/a3922_0h_2/abundance.h5
3  /home/adrian/projects/reynisfjara/results/kallisto/kallisto.100/a3922_0h_3/abundance.h5
4 /home/adrian/projects/reynisfjara/results/kallisto/kallisto.100/a3922_48h_1/abundance.h5
5 /home/adrian/projects/reynisfjara/results/kallisto/kallisto.100/a3922_48h_2/abundance.h5
6 /home/adrian/projects/reynisfjara/results/kallisto/kallisto.100/a3922_48h_3/abundance.h5
7 /home/adrian/projects/reynisfjara/results/kallisto/kallisto.100/a3922_72h_1/abundance.h5
8 /home/adrian/projects/reynisfjara/results/kallisto/kallisto.100/a3922_72h_2/abundance.h5
9 /home/adrian/projects/reynisfjara/results/kallisto/kallisto.100/a3922_72h_3/abundance.h5
>
> # 3.1.2. prepare object for sleuth
> cat(blue('preparing sleuth object...'), fill=TRUE)
preparing sleuth object...
> so = sleuth_prep(s2c,
+                  target_mapping=t2g,
+                  aggregation_column='ens_gene',
+                  read_bootstrap_tpm=TRUE,
+                  extra_bootstrap_summary=TRUE)
reading in kallisto results
dropping unused factor levels
.........
normalizing est_counts
41607 targets passed the filter
normalizing tpm
merging in metadata
summarizing bootstraps
.........
Warning messages:
1: In check_num_cores(num_cores) :
  It appears that you are running Sleuth from within Rstudio.
Because of concerns with forking processes from a GUI, 'num_cores' is being set to 1.
If you wish to take advantage of multiple cores, please consider running sleuth from the command line.
2: In check_target_mapping(tmp_names, target_mapping, !is.null(aggregation_column)) :
  intersection between target_id from kallisto runs and the target_mapping is empty. attempted to fix problem by removing .N from target_id, then merging back into target_mapping. please check obj$target_mapping to ensure this new mapping is correct.
>
> # 3.1.3. build full and partial models
> cat(blue('building models...'), fill=TRUE)
building models...
> so = sleuth_fit(so, ~time, 'full')
fitting measurement error models
shrinkage estimation
computing variance of betas
> so = sleuth_fit(so, ~1, 'reduced')
fitting measurement error models
shrinkage estimation
computing variance of betas
>
> # 3.1.4. Wald test: Harold Pimentel comments that this may give too many false positives: https://www.biostars.org/p/226022/
> cat(blue('Wald testing...'), fill=TRUE)
Wald testing...
> wald = sleuth_wt(so, which_beta='time')
> wald_table = sleuth_results(wald, test='time', test_type='wt', show_all=FALSE, pval_aggregate=TRUE)
> wald_table = dplyr::filter(wald_table, qval <= 0.05)
> print(dim(wald_table))
[1] 4875    6
>
> # 3.1.5. LRT test: should be the default approach from what sleuth developers think
> cat(blue('LRT testing...', fill=TRUE))
LRT testing... TRUE> lrt = sleuth_lrt(so, 'reduced', 'full')
> lrt_table = sleuth_results(lrt, 'reduced:full', 'lrt', show_all=FALSE, pval_aggregate=TRUE)
> lrt_table = dplyr::filter(lrt_table, qval <= 0.05)
> print(dim(lrt_table))
[1] 6008    6
>
> # 3.1.6. store into files
> cat(blue('storing...'), fill=TRUE)
storing...
> write.csv(wald_table, file.path(results_dir, paste('WT.t72overt0', 'wald', 'csv', sep='.')))
> write.csv(lrt_table, file.path(results_dir, paste('WT.t72overt0', 'LRT', 'csv', sep='.')))
>
> #
> # 3.2. testing that MUT t = 72 vs MUT t = 0 are different
> #
> for (mouse in mice[2:4]){ # 2:4 refers to the three mutants
+   cat(blue(mouse), fill=TRUE)
+
+   # 3.2.1. prepare metadata including paths
+   rules = metadata$mouse == mouse
+   s2c = metadata[rules, ]
+   s2c$time_factor = paste(as.factor(s2c$time), 'h', sep='')
+
+   paths = file.path(kallisto_dir, s2c$sample, "abundance.h5")
+   s2c$path = paths
+   print(s2c)
+
+   # 3.2.2. prepare object for sleuth
+   cat(blue('preparing sleuth object...'), fill=TRUE)
+   so = sleuth_prep(s2c,
+                    target_mapping=t2g,
+                    aggregation_column='ens_gene',
+                    read_bootstrap_tpm=TRUE,
+                    extra_bootstrap_summary=TRUE)
+
+   # 3.2.3. build full and partial models
+   cat(blue('building models...'), fill=TRUE)
+   so = sleuth_fit(so, ~time, 'full')
+   so = sleuth_fit(so, ~1, 'reduced')
+
+   # 3.2.4. Wald test
+   cat(blue('Wald testing...'), fill=TRUE)
+   wald = sleuth_wt(so, which_beta='time')
+   wald_table = sleuth_results(wald, test='time', test_type='wt', show_all=FALSE, pval_aggregate=TRUE)
+   wald_table = dplyr::filter(wald_table, qval <= 0.05)
+   print(dim(wald_table))
+
+   # 3.2.5. LRT test
+   cat(blue('LRT testing...', fill=TRUE))
+   lrt = sleuth_lrt(so, 'reduced', 'full')
+   lrt_table = sleuth_results(lrt, 'reduced:full', 'lrt', show_all=FALSE, pval_aggregate=TRUE)
+   lrt_table = dplyr::filter(lrt_table, qval <= 0.05)
+   print(dim(lrt_table))
+
+   # 3.2.6. store into files
+   cat(blue('storing...'), fill=TRUE)
+   write.csv(wald_table, file.path(results_dir, paste(mouse, 't72overt0', 'wald', 'csv', sep='.')))
+   write.csv(lrt_table, file.path(results_dir, paste(mouse, 't72overt0', 'LRT', 'csv', sep='.')))
+ }
a4774
        sample genotype time replicate mouse time_factor
10  a4774_0h_1       mu    0         1 a4774          0h
11  a4774_0h_2       mu    0         2 a4774          0h
12  a4774_0h_3       mu    0         3 a4774          0h
13 a4774_48h_1       mu   48         1 a4774         48h
14 a4774_48h_2       mu   48         2 a4774         48h
15 a4774_48h_3       mu   48         3 a4774         48h
16 a4774_72h_1       mu   72         1 a4774         72h
17 a4774_72h_2       mu   72         2 a4774         72h
                                                                                       path
10  /home/adrian/projects/reynisfjara/results/kallisto/kallisto.100/a4774_0h_1/abundance.h5
11  /home/adrian/projects/reynisfjara/results/kallisto/kallisto.100/a4774_0h_2/abundance.h5
12  /home/adrian/projects/reynisfjara/results/kallisto/kallisto.100/a4774_0h_3/abundance.h5
13 /home/adrian/projects/reynisfjara/results/kallisto/kallisto.100/a4774_48h_1/abundance.h5
14 /home/adrian/projects/reynisfjara/results/kallisto/kallisto.100/a4774_48h_2/abundance.h5
15 /home/adrian/projects/reynisfjara/results/kallisto/kallisto.100/a4774_48h_3/abundance.h5
16 /home/adrian/projects/reynisfjara/results/kallisto/kallisto.100/a4774_72h_1/abundance.h5
17 /home/adrian/projects/reynisfjara/results/kallisto/kallisto.100/a4774_72h_2/abundance.h5
preparing sleuth object...
reading in kallisto results
dropping unused factor levels
........
normalizing est_counts
45128 targets passed the filter
normalizing tpm
merging in metadata
summarizing bootstraps
........
building models...
fitting measurement error models
shrinkage estimation
4 NA values were found during variance shrinkage estimation due to mean observation values outside of the range used for the LOESS fit.
The LOESS fit will be repeated using exact computation of the fitted surface to extrapolate the missing values.
These are the target ids with NA values: ENSMUST00000159996.7, ENSMUST00000022725.3, ENSMUST00000054125.8, ENSMUST00000082402.1
computing variance of betas
fitting measurement error models
shrinkage estimation
8 NA values were found during variance shrinkage estimation due to mean observation values outside of the range used for the LOESS fit.
The LOESS fit will be repeated using exact computation of the fitted surface to extrapolate the missing values.
These are the target ids with NA values: ENSMUST00000111318.7, ENSMUST00000159996.7, ENSMUST00000200518.1, ENSMUST00000206377.1, ENSMUST00000208018.1, ENSMUST00000213296.1, ENSMUST00000022725.3, ENSMUST00000054125.8
computing variance of betas
Wald testing...
[1] 3093    6
LRT testing... TRUE[1] 3124    6
storing...
a4775
        sample genotype time replicate mouse time_factor
18  a4775_0h_1       mu    0         1 a4775          0h
19  a4775_0h_2       mu    0         2 a4775          0h
20  a4775_0h_3       mu    0         3 a4775          0h
21 a4775_48h_1       mu   48         1 a4775         48h
22 a4775_48h_2       mu   48         2 a4775         48h
23 a4775_48h_3       mu   48         3 a4775         48h
24 a4775_72h_1       mu   72         1 a4775         72h
25 a4775_72h_2       mu   72         2 a4775         72h
26 a4775_72h_3       mu   72         3 a4775         72h
                                                                                       path
18  /home/adrian/projects/reynisfjara/results/kallisto/kallisto.100/a4775_0h_1/abundance.h5
19  /home/adrian/projects/reynisfjara/results/kallisto/kallisto.100/a4775_0h_2/abundance.h5
20  /home/adrian/projects/reynisfjara/results/kallisto/kallisto.100/a4775_0h_3/abundance.h5
21 /home/adrian/projects/reynisfjara/results/kallisto/kallisto.100/a4775_48h_1/abundance.h5
22 /home/adrian/projects/reynisfjara/results/kallisto/kallisto.100/a4775_48h_2/abundance.h5
23 /home/adrian/projects/reynisfjara/results/kallisto/kallisto.100/a4775_48h_3/abundance.h5
24 /home/adrian/projects/reynisfjara/results/kallisto/kallisto.100/a4775_72h_1/abundance.h5
25 /home/adrian/projects/reynisfjara/results/kallisto/kallisto.100/a4775_72h_2/abundance.h5
26 /home/adrian/projects/reynisfjara/results/kallisto/kallisto.100/a4775_72h_3/abundance.h5
preparing sleuth object...
reading in kallisto results
dropping unused factor levels
.........
normalizing est_counts
42263 targets passed the filter
normalizing tpm
merging in metadata
summarizing bootstraps
.........
building models...
fitting measurement error models
shrinkage estimation
6 NA values were found during variance shrinkage estimation due to mean observation values outside of the range used for the LOESS fit.
The LOESS fit will be repeated using exact computation of the fitted surface to extrapolate the missing values.
These are the target ids with NA values: ENSMUST00000006151.12, ENSMUST00000022725.3, ENSMUST00000042235.14, ENSMUST00000054125.8, ENSMUST00000082402.1, ENSMUST00000228548.1
computing variance of betas
fitting measurement error models
shrinkage estimation
computing variance of betas
Wald testing...
[1] 5399    6
LRT testing... TRUE[1] 7285    6
storing...
a4776
        sample genotype time replicate mouse time_factor
27  a4776_0h_1       mu    0         1 a4776          0h
28  a4776_0h_2       mu    0         2 a4776          0h
29  a4776_0h_3       mu    0         3 a4776          0h
30 a4776_48h_1       mu   48         1 a4776         48h
31 a4776_48h_2       mu   48         2 a4776         48h
32 a4776_48h_3       mu   48         3 a4776         48h
33 a4776_72h_1       mu   72         1 a4776         72h
34 a4776_72h_2       mu   72         2 a4776         72h
35 a4776_72h_3       mu   72         3 a4776         72h
                                                                                       path
27  /home/adrian/projects/reynisfjara/results/kallisto/kallisto.100/a4776_0h_1/abundance.h5
28  /home/adrian/projects/reynisfjara/results/kallisto/kallisto.100/a4776_0h_2/abundance.h5
29  /home/adrian/projects/reynisfjara/results/kallisto/kallisto.100/a4776_0h_3/abundance.h5
30 /home/adrian/projects/reynisfjara/results/kallisto/kallisto.100/a4776_48h_1/abundance.h5
31 /home/adrian/projects/reynisfjara/results/kallisto/kallisto.100/a4776_48h_2/abundance.h5
32 /home/adrian/projects/reynisfjara/results/kallisto/kallisto.100/a4776_48h_3/abundance.h5
33 /home/adrian/projects/reynisfjara/results/kallisto/kallisto.100/a4776_72h_1/abundance.h5
34 /home/adrian/projects/reynisfjara/results/kallisto/kallisto.100/a4776_72h_2/abundance.h5
35 /home/adrian/projects/reynisfjara/results/kallisto/kallisto.100/a4776_72h_3/abundance.h5
preparing sleuth object...
reading in kallisto results
dropping unused factor levels
.........
normalizing est_counts
43160 targets passed the filter
normalizing tpm
merging in metadata
summarizing bootstraps
.........
building models...
fitting measurement error models
shrinkage estimation
2 NA values were found during variance shrinkage estimation due to mean observation values outside of the range used for the LOESS fit.
The LOESS fit will be repeated using exact computation of the fitted surface to extrapolate the missing values.
These are the target ids with NA values: ENSMUST00000022725.3, ENSMUST00000054125.8
computing variance of betas
fitting measurement error models
shrinkage estimation
computing variance of betas
Wald testing...
[1] 6415    6
LRT testing... TRUE[1] 8512    6
storing...
Warning messages:
1: In check_num_cores(num_cores) :
  It appears that you are running Sleuth from within Rstudio.
Because of concerns with forking processes from a GUI, 'num_cores' is being set to 1.
If you wish to take advantage of multiple cores, please consider running sleuth from the command line.
2: In check_target_mapping(tmp_names, target_mapping, !is.null(aggregation_column)) :
  intersection between target_id from kallisto runs and the target_mapping is empty. attempted to fix problem by removing .N from target_id, then merging back into target_mapping. please check obj$target_mapping to ensure this new mapping is correct.
3: In check_num_cores(num_cores) :
  It appears that you are running Sleuth from within Rstudio.
Because of concerns with forking processes from a GUI, 'num_cores' is being set to 1.
If you wish to take advantage of multiple cores, please consider running sleuth from the command line.
4: In check_target_mapping(tmp_names, target_mapping, !is.null(aggregation_column)) :
  intersection between target_id from kallisto runs and the target_mapping is empty. attempted to fix problem by removing .N from target_id, then merging back into target_mapping. please check obj$target_mapping to ensure this new mapping is correct.
5: In check_num_cores(num_cores) :
  It appears that you are running Sleuth from within Rstudio.
Because of concerns with forking processes from a GUI, 'num_cores' is being set to 1.
If you wish to take advantage of multiple cores, please consider running sleuth from the command line.
6: In check_target_mapping(tmp_names, target_mapping, !is.null(aggregation_column)) :
  intersection between target_id from kallisto runs and the target_mapping is empty. attempted to fix problem by removing .N from target_id, then merging back into target_mapping. please check obj$target_mapping to ensure this new mapping is correct.
