R version 4.2.0 (2022-04-22) -- "Vigorous Calisthenics"
Copyright (C) 2022 The R Foundation for Statistical Computing
Platform: x86_64-pc-linux-gnu (64-bit)

R is free software and comes with ABSOLUTELY NO WARRANTY.
You are welcome to redistribute it under certain conditions.
Type 'license()' or 'licence()' for distribution details.

  Natural language support but running in an English locale

R is a collaborative project with many contributors.
Type 'contributors()' for more information and
'citation()' on how to cite R or R packages in publications.

Type 'demo()' for some demos, 'help()' for on-line help, or
'help.start()' for an HTML browser interface to help.
Type 'q()' to quit R.

> #
> # -1. packages installation
> #
> # if (!require("BiocManager", quietly = TRUE))
> #   install.packages("BiocManager")
> # BiocManager::install()
> #
> # BiocManager::install("DESeq2")
>
> #
> # 0. load libraries
> #
> library(biomaRt)
> library(tximport)
> library(DESeq2)
Loading required package: S4Vectors
Loading required package: stats4
Loading required package: BiocGenerics

Attaching package: ‘BiocGenerics’

The following objects are masked from ‘package:stats’:

    IQR, mad, sd, var, xtabs

The following objects are masked from ‘package:base’:

    anyDuplicated, append, as.data.frame, basename, cbind, colnames, dirname, do.call, duplicated, eval, evalq,
    Filter, Find, get, grep, grepl, intersect, is.unsorted, lapply, Map, mapply, match, mget, order, paste, pmax,
    pmax.int, pmin, pmin.int, Position, rank, rbind, Reduce, rownames, sapply, setdiff, sort, table, tapply, union,
    unique, unsplit, which.max, which.min


Attaching package: ‘S4Vectors’

The following objects are masked from ‘package:base’:

    expand.grid, I, unname

Loading required package: IRanges
Loading required package: GenomicRanges
Loading required package: GenomeInfoDb
Loading required package: SummarizedExperiment
Loading required package: MatrixGenerics
Loading required package: matrixStats

Attaching package: ‘MatrixGenerics’

The following objects are masked from ‘package:matrixStats’:

    colAlls, colAnyNAs, colAnys, colAvgsPerRowSet, colCollapse, colCounts, colCummaxs, colCummins, colCumprods,
    colCumsums, colDiffs, colIQRDiffs, colIQRs, colLogSumExps, colMadDiffs, colMads, colMaxs, colMeans2, colMedians,
    colMins, colOrderStats, colProds, colQuantiles, colRanges, colRanks, colSdDiffs, colSds, colSums2, colTabulates,
    colVarDiffs, colVars, colWeightedMads, colWeightedMeans, colWeightedMedians, colWeightedSds, colWeightedVars,
    rowAlls, rowAnyNAs, rowAnys, rowAvgsPerColSet, rowCollapse, rowCounts, rowCummaxs, rowCummins, rowCumprods,
    rowCumsums, rowDiffs, rowIQRDiffs, rowIQRs, rowLogSumExps, rowMadDiffs, rowMads, rowMaxs, rowMeans2, rowMedians,
    rowMins, rowOrderStats, rowProds, rowQuantiles, rowRanges, rowRanks, rowSdDiffs, rowSds, rowSums2, rowTabulates,
    rowVarDiffs, rowVars, rowWeightedMads, rowWeightedMeans, rowWeightedMedians, rowWeightedSds, rowWeightedVars

Loading required package: Biobase
Welcome to Bioconductor

    Vignettes contain introductory material; view with 'browseVignettes()'. To cite Bioconductor, see
    'citation("Biobase")', and for packages 'citation("pkgname")'.


Attaching package: ‘Biobase’

The following object is masked from ‘package:MatrixGenerics’:

    rowMedians

The following objects are masked from ‘package:matrixStats’:

    anyMissing, rowMedians

> library(BiocParallel)
> library(crayon) # so the messages are blue
>
> #
> # 1. user defined variables
> #
> register(MulticoreParam(20))
>
> setwd("~/scratch/")
>
> kallisto_dir = "/home/adrian/projects/reynisfjara/results/kallisto/kallisto.100"
> metadata_file = "/home/adrian/projects/reynisfjara/metadata/reynisfjara_project_metadata - Sheet1.tsv"
> results_dir = '/home/adrian/projects/reynisfjara/results/DEGs_DESeq2/'
>
> #
> # 2. generate gene to transcript mapping
> #
>
> # annotation defined from sleuth walkthrough
> mart <- biomaRt::useMart(biomart = "ENSEMBL_MART_ENSEMBL",
+                          dataset = "mmusculus_gene_ensembl",
+                          host = 'https://www.ensembl.org')
> t2g <- biomaRt::getBM(attributes = c("ensembl_transcript_id",
+                                      "ensembl_gene_id",
+                                      "gene_biotype",
+                                      "description",
+                                      "external_gene_name"),
+                       mart = mart)
> t2g <- dplyr::rename(t2g,
+                      target_id = ensembl_transcript_id,
+                      ens_gene = ensembl_gene_id,
+                      ext_gene = external_gene_name)
> View(t2g)
>
> #
> # 3. read metadata
> #
> metadata = read.table(metadata_file, sep='\t', header=TRUE)
> View(metadata)
>
> #
> # 4. hypothesis testing
> #
> mice = unique(metadata$mouse)
> mouse = mice[1]
>
> for (mouse in mice){
+   cat(blue(mouse))
+
+   # f.1. slice metadata
+   working_metadata = metadata[metadata$mouse == mouse, ]
+   working_metadata$time_factor = paste(as.factor(working_metadata$time), 'h', sep='')
+   View(working_metadata)
+
+   # f.2. define files
+   files = file.path(kallisto_dir, working_metadata$sample, "abundance.h5")
+   cat(blue('files'), fill=TRUE)
+   print(files)
+
+   # f.3. read files
+   txi = tximport(files, type="kallisto", tx2gene=t2g, ignoreTxVersion=TRUE)
+   dds = DESeqDataSetFromTximport(txi, colData=working_metadata, design=~time_factor)
+   cat(blue(paste('original dimensions', dim(dds)[1], dim(dds)[2])), fill=TRUE)
+
+   # f.4. preliminary filter on poorly detected genes
+   threshold = 10
+   keep = rowMaxs(counts(dds)) >= threshold
+   dds = dds[keep, ]
+   cat(blue(paste('dimensions of filtered transcripts', dim(dds)[1], dim(dds)[2])), fill=TRUE)
+
+   # f.5. run the model over variable time, actually "time_factor"
+   dds = DESeq(dds, test="LRT", reduced=~1)
+
+   # f.6. store original results
+   res = results(dds, parallel=TRUE)
+   filt1 = res[which(res$pvalue < 0.05), ]
+   filt2 = filt1[which(filt1$padj < 0.1), ]
+   cat(blue(paste('DEGs found', dim(filt2)[1], sep=' ')), fill=TRUE)
+   write.table(filt2, file=paste(results_dir, 'unformatted/unformatted_results_', mouse, '.tsv', sep=''), quote=FALSE, sep='\t')
+
+   # store formatted results
+   df = as.data.frame(filt2)
+   df['common'] = rownames(df)
+
+   annotation_table = t2g
+   annotation_table['common'] = annotation_table$ens_gene
+   annotation_table_unique = annotation_table[!duplicated(annotation_table$common), ]
+   dn = merge(df, annotation_table_unique, by='common')
+   # check for not missing DEGs because of annotation
+   if (dim(df)[1] != dim(dn)[1]){
+     print('ERROR: DEG missed on annotation step')
+     stop()
+   }
+
+   up = dn[dn$log2FoldChange > 1, ]
+   down = dn[dn$log2FoldChange < -1, ]
+
+   cat(blue(paste('DEGs after log2FC > 1 are ', dim(up)[1], sep='')), fill=TRUE)
+   cat(blue(paste('DEGs after log2FC < -1 are ', dim(down)[1], sep='')), fill=TRUE)
+
+   sorted_up = up[order(up$log2FoldChange, decreasing=TRUE), ]
+   sorted_down = down[order(down$log2FoldChange), ]
+
+   store = paste(results_dir, mouse, '_up', '.tsv', sep='')
+   write.table(sorted_up, file=store, quote=FALSE, sep='\t', row.names=FALSE)
+   store = paste(results_dir, mouse, '_down', '.tsv', sep='')
+   write.table(sorted_down, file=store, quote=FALSE, sep='\t', row.names=FALSE)
+
+   cat(blue('---'), fill=TRUE)
+
+ }
a3922files
[1] "/home/adrian/projects/reynisfjara/results/kallisto/kallisto.100/a3922_0h_1/abundance.h5"
[2] "/home/adrian/projects/reynisfjara/results/kallisto/kallisto.100/a3922_0h_2/abundance.h5"
[3] "/home/adrian/projects/reynisfjara/results/kallisto/kallisto.100/a3922_0h_3/abundance.h5"
[4] "/home/adrian/projects/reynisfjara/results/kallisto/kallisto.100/a3922_48h_1/abundance.h5"
[5] "/home/adrian/projects/reynisfjara/results/kallisto/kallisto.100/a3922_48h_2/abundance.h5"
[6] "/home/adrian/projects/reynisfjara/results/kallisto/kallisto.100/a3922_48h_3/abundance.h5"
[7] "/home/adrian/projects/reynisfjara/results/kallisto/kallisto.100/a3922_72h_1/abundance.h5"
[8] "/home/adrian/projects/reynisfjara/results/kallisto/kallisto.100/a3922_72h_2/abundance.h5"
[9] "/home/adrian/projects/reynisfjara/results/kallisto/kallisto.100/a3922_72h_3/abundance.h5"
1 2 3 4 5 6 7 8 9
transcripts missing from tx2gene: 2141
summarizing abundance
summarizing counts
summarizing length
summarizing inferential replicates
using counts and average transcript lengths from tximport
original dimensions 35938 9
dimensions of filtered transcripts 13954 9
estimating size factors
using 'avgTxLength' from assays(dds), correcting for library size
estimating dispersions
gene-wise dispersion estimates
mean-dispersion relationship
final dispersion estimates
fitting model and testing
DEGs found 7384
DEGs after log2FC > 1 are 854
DEGs after log2FC < -1 are 529
---
a4774files
[1] "/home/adrian/projects/reynisfjara/results/kallisto/kallisto.100/a4774_0h_1/abundance.h5"
[2] "/home/adrian/projects/reynisfjara/results/kallisto/kallisto.100/a4774_0h_2/abundance.h5"
[3] "/home/adrian/projects/reynisfjara/results/kallisto/kallisto.100/a4774_0h_3/abundance.h5"
[4] "/home/adrian/projects/reynisfjara/results/kallisto/kallisto.100/a4774_48h_1/abundance.h5"
[5] "/home/adrian/projects/reynisfjara/results/kallisto/kallisto.100/a4774_48h_2/abundance.h5"
[6] "/home/adrian/projects/reynisfjara/results/kallisto/kallisto.100/a4774_48h_3/abundance.h5"
[7] "/home/adrian/projects/reynisfjara/results/kallisto/kallisto.100/a4774_72h_1/abundance.h5"
[8] "/home/adrian/projects/reynisfjara/results/kallisto/kallisto.100/a4774_72h_2/abundance.h5"
1 2 3 4 5 6 7 8
transcripts missing from tx2gene: 2141
summarizing abundance
summarizing counts
summarizing length
summarizing inferential replicates
using counts and average transcript lengths from tximport
original dimensions 35938 8
dimensions of filtered transcripts 14020 8
estimating size factors
using 'avgTxLength' from assays(dds), correcting for library size
estimating dispersions
gene-wise dispersion estimates
mean-dispersion relationship
final dispersion estimates
fitting model and testing
DEGs found 4284
DEGs after log2FC > 1 are 287
DEGs after log2FC < -1 are 181
---
a4775files
[1] "/home/adrian/projects/reynisfjara/results/kallisto/kallisto.100/a4775_0h_1/abundance.h5"
[2] "/home/adrian/projects/reynisfjara/results/kallisto/kallisto.100/a4775_0h_2/abundance.h5"
[3] "/home/adrian/projects/reynisfjara/results/kallisto/kallisto.100/a4775_0h_3/abundance.h5"
[4] "/home/adrian/projects/reynisfjara/results/kallisto/kallisto.100/a4775_48h_1/abundance.h5"
[5] "/home/adrian/projects/reynisfjara/results/kallisto/kallisto.100/a4775_48h_2/abundance.h5"
[6] "/home/adrian/projects/reynisfjara/results/kallisto/kallisto.100/a4775_48h_3/abundance.h5"
[7] "/home/adrian/projects/reynisfjara/results/kallisto/kallisto.100/a4775_72h_1/abundance.h5"
[8] "/home/adrian/projects/reynisfjara/results/kallisto/kallisto.100/a4775_72h_2/abundance.h5"
[9] "/home/adrian/projects/reynisfjara/results/kallisto/kallisto.100/a4775_72h_3/abundance.h5"
1 2 3 4 5 6 7 8 9
transcripts missing from tx2gene: 2141
summarizing abundance
summarizing counts
summarizing length
summarizing inferential replicates
using counts and average transcript lengths from tximport
original dimensions 35938 9
dimensions of filtered transcripts 14018 9
estimating size factors
using 'avgTxLength' from assays(dds), correcting for library size
estimating dispersions
gene-wise dispersion estimates
mean-dispersion relationship
final dispersion estimates
fitting model and testing
DEGs found 7013
DEGs after log2FC > 1 are 606
DEGs after log2FC < -1 are 443
---
a4776files
[1] "/home/adrian/projects/reynisfjara/results/kallisto/kallisto.100/a4776_0h_1/abundance.h5"
[2] "/home/adrian/projects/reynisfjara/results/kallisto/kallisto.100/a4776_0h_2/abundance.h5"
[3] "/home/adrian/projects/reynisfjara/results/kallisto/kallisto.100/a4776_0h_3/abundance.h5"
[4] "/home/adrian/projects/reynisfjara/results/kallisto/kallisto.100/a4776_48h_1/abundance.h5"
[5] "/home/adrian/projects/reynisfjara/results/kallisto/kallisto.100/a4776_48h_2/abundance.h5"
[6] "/home/adrian/projects/reynisfjara/results/kallisto/kallisto.100/a4776_48h_3/abundance.h5"
[7] "/home/adrian/projects/reynisfjara/results/kallisto/kallisto.100/a4776_72h_1/abundance.h5"
[8] "/home/adrian/projects/reynisfjara/results/kallisto/kallisto.100/a4776_72h_2/abundance.h5"
[9] "/home/adrian/projects/reynisfjara/results/kallisto/kallisto.100/a4776_72h_3/abundance.h5"
1 2 3 4 5 6 7 8 9
transcripts missing from tx2gene: 2141
summarizing abundance
summarizing counts
summarizing length
summarizing inferential replicates
using counts and average transcript lengths from tximport
original dimensions 35938 9
dimensions of filtered transcripts 14027 9
estimating size factors
using 'avgTxLength' from assays(dds), correcting for library size
estimating dispersions
gene-wise dispersion estimates
mean-dispersion relationship
final dispersion estimates
fitting model and testing
DEGs found 6718
DEGs after log2FC > 1 are 731
DEGs after log2FC < -1 are 325
---
Warning messages:
1: In DESeqDataSet(se, design = design, ignoreRank) :
  some variables in design formula are characters, converting to factors
2: In DESeqDataSet(se, design = design, ignoreRank) :
  some variables in design formula are characters, converting to factors
3: In DESeqDataSet(se, design = design, ignoreRank) :
  some variables in design formula are characters, converting to factors
4: In DESeqDataSet(se, design = design, ignoreRank) :
  some variables in design formula are characters, converting to factors
> 
