R version 4.2.0 (2022-04-22) -- "Vigorous Calisthenics"
Copyright (C) 2022 The R Foundation for Statistical Computing
Platform: x86_64-pc-linux-gnu (64-bit)

R is free software and comes with ABSOLUTELY NO WARRANTY.
You are welcome to redistribute it under certain conditions.
Type 'license()' or 'licence()' for distribution details.

  Natural language support but running in an English locale

R is a collaborative project with many contributors.
Type 'contributors()' for more information and
'citation()' on how to cite R or R packages in publications.

Type 'demo()' for some demos, 'help()' for on-line help, or
'help.start()' for an HTML browser interface to help.
Type 'q()' to quit R.

> #
> # -1. packages installation
> #
> # if (!require("BiocManager", quietly = TRUE))
> #   install.packages("BiocManager")
> # BiocManager::install()
> #
> # setRepositories(ind=c(1:6))
> #
> # BiocManager::install("biomaRt")
> #
> # # install sleuth
> # BiocManager::install("rhdf5")
> # BiocManager::install("devtools")
> # devtools::install_github("pachterlab/sleuth")
>
> library(biomaRt)
> library(sleuth)
>
> #
> # 0. user-defined variables
> #
> setwd("~/scratch/")
>
> kallisto_dir = "/home/adrian/projects/reynisfjara/results/kallisto/kallisto.100"
> metadata_file = "/home/adrian/projects/reynisfjara/metadata/reynisfjara_project_metadata\ -\ Sheet1.tsv"
> results_dir = '/home/adrian/projects/reynisfjara/results/DEGs_sleuth'
>
> #kallisto_dir = "/Users/adrian/gd15/tmp/kallisto.100"
> #metadata_file = "/Users/adrian/gd15/hi/research/reynisfjara/metadata/reynisfjara_project_metadata\ -\ Sheet1.tsv"
> #results_dir = '/Users/adrian/gd15/hi/research/reynisfjara/results/sleuth'
>
> #
> # 1. generate gene to transcript mapping
> #
>
> # annotation defined from sleuth walkthrough
> mart <- biomaRt::useMart(biomart = "ENSEMBL_MART_ENSEMBL",
+                          dataset = "mmusculus_gene_ensembl",
+                          host = 'https://www.ensembl.org')
> t2g <- biomaRt::getBM(attributes = c("ensembl_transcript_id", "ensembl_gene_id",
+                                      "external_gene_name"), mart = mart)
> t2g <- dplyr::rename(t2g, target_id = ensembl_transcript_id,
+                      ens_gene = ensembl_gene_id, ext_gene = external_gene_name)
> View(t2g)
>
> #
> # 2. read metadata
> #
> metadata = read.table(metadata_file, sep='\t', header=TRUE)
> View(metadata)
>
> #
> # 3. work on different contrasts
> #
> comparisons = unique(metadata$mouse)
>
> for (comparison in comparisons){
+   print(comparison)
+
+   # 3.1. work on WT contrast
+   s2c = metadata[metadata$mouse == comparison, ]
+   paths = file.path(kallisto_dir, s2c$sample, "abundance.h5")
+   s2c$path = paths
+   print(s2c)
+
+   # prepare object for sleuth
+   print('preparing sleuth object...')
+   so = sleuth_prep(s2c,
+                    target_mapping=t2g,
+                    aggregation_column='ens_gene',
+                    read_bootstrap_tpm=TRUE,
+                    extra_bootstrap_summary=TRUE)
+
+   # build full and partial models
+   print('building models...')
+   so = sleuth_fit(so, ~time, 'full')
+   so = sleuth_fit(so, ~1, 'reduced')
+
+   # Wald test
+   print('Wald testing...')
+   wald = sleuth_wt(so, which_beta='time')
+   wald_table = sleuth_results(wald, test='time', test_type='wt', show_all=FALSE, pval_aggregate=TRUE)
+   wald_table = dplyr::filter(wald_table, qval <= 0.05)
+   print(dim(wald_table))
+
+   # LRT test
+   print('LRT testing...')
+   lrt = sleuth_lrt(so, 'reduced', 'full')
+   lrt_table = sleuth_results(lrt, 'reduced:full', 'lrt', show_all=FALSE, pval_aggregate=TRUE)
+   lrt_table = dplyr::filter(lrt_table, qval <= 0.05)
+   print(dim(lrt_table))
+
+   # store into files
+   print('storing...')
+   write.csv(wald_table, file.path(results_dir, paste(comparison, 'wald', 'csv', sep='.')))
+   write.csv(lrt_table, file.path(results_dir, paste(comparison, 'LRT', 'csv', sep='.')))
+
+ }
[1] "a3922"
       sample genotype time replicate mouse
1  a3922_0h_1       wt    0         1 a3922
2  a3922_0h_2       wt    0         2 a3922
3  a3922_0h_3       wt    0         3 a3922
4 a3922_48h_1       wt   48         1 a3922
5 a3922_48h_2       wt   48         2 a3922
6 a3922_48h_3       wt   48         3 a3922
7 a3922_72h_1       wt   72         1 a3922
8 a3922_72h_2       wt   72         2 a3922
9 a3922_72h_3       wt   72         3 a3922
                                                                                      path
1  /home/adrian/projects/reynisfjara/results/kallisto/kallisto.100/a3922_0h_1/abundance.h5
2  /home/adrian/projects/reynisfjara/results/kallisto/kallisto.100/a3922_0h_2/abundance.h5
3  /home/adrian/projects/reynisfjara/results/kallisto/kallisto.100/a3922_0h_3/abundance.h5
4 /home/adrian/projects/reynisfjara/results/kallisto/kallisto.100/a3922_48h_1/abundance.h5
5 /home/adrian/projects/reynisfjara/results/kallisto/kallisto.100/a3922_48h_2/abundance.h5
6 /home/adrian/projects/reynisfjara/results/kallisto/kallisto.100/a3922_48h_3/abundance.h5
7 /home/adrian/projects/reynisfjara/results/kallisto/kallisto.100/a3922_72h_1/abundance.h5
8 /home/adrian/projects/reynisfjara/results/kallisto/kallisto.100/a3922_72h_2/abundance.h5
9 /home/adrian/projects/reynisfjara/results/kallisto/kallisto.100/a3922_72h_3/abundance.h5
[1] "preparing sleuth object..."
reading in kallisto results
dropping unused factor levels
.........
normalizing est_counts
41607 targets passed the filter
normalizing tpm
merging in metadata
summarizing bootstraps
.........
[1] "building models..."
fitting measurement error models
shrinkage estimation
computing variance of betas
fitting measurement error models
shrinkage estimation
computing variance of betas
[1] "Wald testing..."
[1] 4875    6
[1] "LRT testing..."
[1] 6008    6
[1] "storing..."
[1] "a4774"
        sample genotype time replicate mouse
10  a4774_0h_1       mu    0         1 a4774
11  a4774_0h_2       mu    0         2 a4774
12  a4774_0h_3       mu    0         3 a4774
13 a4774_48h_1       mu   48         1 a4774
14 a4774_48h_2       mu   48         2 a4774
15 a4774_48h_3       mu   48         3 a4774
16 a4774_72h_1       mu   72         1 a4774
17 a4774_72h_2       mu   72         2 a4774
                                                                                       path
10  /home/adrian/projects/reynisfjara/results/kallisto/kallisto.100/a4774_0h_1/abundance.h5
11  /home/adrian/projects/reynisfjara/results/kallisto/kallisto.100/a4774_0h_2/abundance.h5
12  /home/adrian/projects/reynisfjara/results/kallisto/kallisto.100/a4774_0h_3/abundance.h5
13 /home/adrian/projects/reynisfjara/results/kallisto/kallisto.100/a4774_48h_1/abundance.h5
14 /home/adrian/projects/reynisfjara/results/kallisto/kallisto.100/a4774_48h_2/abundance.h5
15 /home/adrian/projects/reynisfjara/results/kallisto/kallisto.100/a4774_48h_3/abundance.h5
16 /home/adrian/projects/reynisfjara/results/kallisto/kallisto.100/a4774_72h_1/abundance.h5
17 /home/adrian/projects/reynisfjara/results/kallisto/kallisto.100/a4774_72h_2/abundance.h5
[1] "preparing sleuth object..."
reading in kallisto results
dropping unused factor levels
........
normalizing est_counts
45128 targets passed the filter
normalizing tpm
merging in metadata
summarizing bootstraps
........
[1] "building models..."
fitting measurement error models
shrinkage estimation
4 NA values were found during variance shrinkage estimation due to mean observation values outside of the range used for the LOESS fit.
The LOESS fit will be repeated using exact computation of the fitted surface to extrapolate the missing values.
These are the target ids with NA values: ENSMUST00000159996.7, ENSMUST00000022725.3, ENSMUST00000054125.8, ENSMUST00000082402.1
computing variance of betas
fitting measurement error models
shrinkage estimation
8 NA values were found during variance shrinkage estimation due to mean observation values outside of the range used for the LOESS fit.
The LOESS fit will be repeated using exact computation of the fitted surface to extrapolate the missing values.
These are the target ids with NA values: ENSMUST00000111318.7, ENSMUST00000159996.7, ENSMUST00000200518.1, ENSMUST00000206377.1, ENSMUST00000208018.1, ENSMUST00000213296.1, ENSMUST00000022725.3, ENSMUST00000054125.8
computing variance of betas
[1] "Wald testing..."
[1] 3093    6
[1] "LRT testing..."
[1] 3124    6
[1] "storing..."
[1] "a4775"
        sample genotype time replicate mouse
18  a4775_0h_1       mu    0         1 a4775
19  a4775_0h_2       mu    0         2 a4775
20  a4775_0h_3       mu    0         3 a4775
21 a4775_48h_1       mu   48         1 a4775
22 a4775_48h_2       mu   48         2 a4775
23 a4775_48h_3       mu   48         3 a4775
24 a4775_72h_1       mu   72         1 a4775
25 a4775_72h_2       mu   72         2 a4775
26 a4775_72h_3       mu   72         3 a4775
                                                                                       path
18  /home/adrian/projects/reynisfjara/results/kallisto/kallisto.100/a4775_0h_1/abundance.h5
19  /home/adrian/projects/reynisfjara/results/kallisto/kallisto.100/a4775_0h_2/abundance.h5
20  /home/adrian/projects/reynisfjara/results/kallisto/kallisto.100/a4775_0h_3/abundance.h5
21 /home/adrian/projects/reynisfjara/results/kallisto/kallisto.100/a4775_48h_1/abundance.h5
22 /home/adrian/projects/reynisfjara/results/kallisto/kallisto.100/a4775_48h_2/abundance.h5
23 /home/adrian/projects/reynisfjara/results/kallisto/kallisto.100/a4775_48h_3/abundance.h5
24 /home/adrian/projects/reynisfjara/results/kallisto/kallisto.100/a4775_72h_1/abundance.h5
25 /home/adrian/projects/reynisfjara/results/kallisto/kallisto.100/a4775_72h_2/abundance.h5
26 /home/adrian/projects/reynisfjara/results/kallisto/kallisto.100/a4775_72h_3/abundance.h5
[1] "preparing sleuth object..."
reading in kallisto results
dropping unused factor levels
.........
normalizing est_counts
42263 targets passed the filter
normalizing tpm
merging in metadata
summarizing bootstraps
.........
[1] "building models..."
fitting measurement error models
shrinkage estimation
6 NA values were found during variance shrinkage estimation due to mean observation values outside of the range used for the LOESS fit.
The LOESS fit will be repeated using exact computation of the fitted surface to extrapolate the missing values.
These are the target ids with NA values: ENSMUST00000006151.12, ENSMUST00000022725.3, ENSMUST00000042235.14, ENSMUST00000054125.8, ENSMUST00000082402.1, ENSMUST00000228548.1
computing variance of betas
fitting measurement error models
shrinkage estimation
computing variance of betas
[1] "Wald testing..."
[1] 5399    6
[1] "LRT testing..."
[1] 7285    6
[1] "storing..."
[1] "a4776"
        sample genotype time replicate mouse
27  a4776_0h_1       mu    0         1 a4776
28  a4776_0h_2       mu    0         2 a4776
29  a4776_0h_3       mu    0         3 a4776
30 a4776_48h_1       mu   48         1 a4776
31 a4776_48h_2       mu   48         2 a4776
32 a4776_48h_3       mu   48         3 a4776
33 a4776_72h_1       mu   72         1 a4776
34 a4776_72h_2       mu   72         2 a4776
35 a4776_72h_3       mu   72         3 a4776
                                                                                       path
27  /home/adrian/projects/reynisfjara/results/kallisto/kallisto.100/a4776_0h_1/abundance.h5
28  /home/adrian/projects/reynisfjara/results/kallisto/kallisto.100/a4776_0h_2/abundance.h5
29  /home/adrian/projects/reynisfjara/results/kallisto/kallisto.100/a4776_0h_3/abundance.h5
30 /home/adrian/projects/reynisfjara/results/kallisto/kallisto.100/a4776_48h_1/abundance.h5
31 /home/adrian/projects/reynisfjara/results/kallisto/kallisto.100/a4776_48h_2/abundance.h5
32 /home/adrian/projects/reynisfjara/results/kallisto/kallisto.100/a4776_48h_3/abundance.h5
33 /home/adrian/projects/reynisfjara/results/kallisto/kallisto.100/a4776_72h_1/abundance.h5
34 /home/adrian/projects/reynisfjara/results/kallisto/kallisto.100/a4776_72h_2/abundance.h5
35 /home/adrian/projects/reynisfjara/results/kallisto/kallisto.100/a4776_72h_3/abundance.h5
[1] "preparing sleuth object..."
reading in kallisto results
dropping unused factor levels
.........
normalizing est_counts
43160 targets passed the filter
normalizing tpm
merging in metadata
summarizing bootstraps
.........
[1] "building models..."
fitting measurement error models
shrinkage estimation
2 NA values were found during variance shrinkage estimation due to mean observation values outside of the range used for the LOESS fit.
The LOESS fit will be repeated using exact computation of the fitted surface to extrapolate the missing values.
These are the target ids with NA values: ENSMUST00000022725.3, ENSMUST00000054125.8
computing variance of betas
fitting measurement error models
shrinkage estimation
computing variance of betas
[1] "Wald testing..."
[1] 6415    6
[1] "LRT testing..."
[1] 8512    6
[1] "storing..."
Warning messages:
1: In check_num_cores(num_cores) :
  It appears that you are running Sleuth from within Rstudio.
Because of concerns with forking processes from a GUI, 'num_cores' is being set to 1.
If you wish to take advantage of multiple cores, please consider running sleuth from the command line.
2: In check_target_mapping(tmp_names, target_mapping, !is.null(aggregation_column)) :
  intersection between target_id from kallisto runs and the target_mapping is empty. attempted to fix problem by removing .N from target_id, then merging back into target_mapping. please check obj$target_mapping to ensure this new mapping is correct.
3: In check_num_cores(num_cores) :
  It appears that you are running Sleuth from within Rstudio.
Because of concerns with forking processes from a GUI, 'num_cores' is being set to 1.
If you wish to take advantage of multiple cores, please consider running sleuth from the command line.
4: In check_target_mapping(tmp_names, target_mapping, !is.null(aggregation_column)) :
  intersection between target_id from kallisto runs and the target_mapping is empty. attempted to fix problem by removing .N from target_id, then merging back into target_mapping. please check obj$target_mapping to ensure this new mapping is correct.
5: In check_num_cores(num_cores) :
  It appears that you are running Sleuth from within Rstudio.
Because of concerns with forking processes from a GUI, 'num_cores' is being set to 1.
If you wish to take advantage of multiple cores, please consider running sleuth from the command line.
6: In check_target_mapping(tmp_names, target_mapping, !is.null(aggregation_column)) :
  intersection between target_id from kallisto runs and the target_mapping is empty. attempted to fix problem by removing .N from target_id, then merging back into target_mapping. please check obj$target_mapping to ensure this new mapping is correct.
7: In check_num_cores(num_cores) :
  It appears that you are running Sleuth from within Rstudio.
Because of concerns with forking processes from a GUI, 'num_cores' is being set to 1.
If you wish to take advantage of multiple cores, please consider running sleuth from the command line.
8: In check_target_mapping(tmp_names, target_mapping, !is.null(aggregation_column)) :
  intersection between target_id from kallisto runs and the target_mapping is empty. attempted to fix problem by removing .N from target_id, then merging back into target_mapping. please check obj$target_mapping to ensure this new mapping is correct.
> 
